SUMMARY:
	ROM0: 2572 bytes used / 13812 free
	WRAM0: 1226 bytes used / 2870 free
	HRAM: 29 bytes used / 98 free

ROM0 bank #0:
	SECTION: $0000-$005f ($0060 bytes) ["Tile data"]
	         $0000 = Tiles
	         $0040 = Tiles.End
	         $0040 = TracerSpriteTiles
	         $0060 = TracerSpriteTiles.End
	SECTION: $0060-$00a6 ($0047 bytes) ["Utilities"]
	         $0060 = MemCopy
	         $0069 = MemClear
	         $0071 = StoreWord
	         $0075 = LoadWord
	         $0079 = CapAbsoluteValue
	         $0088 = CapAbsoluteValue.CapToPositive
	         $008d = GetTileByWorldPosition
	         $008e = GetTileByPixel
	SECTION: $00a7-$00ce ($0028 bytes) ["Input"]
	         $00a7 = UpdateKeys
	         $00c1 = UpdateKeys.oneNibble
	         $00ce = UpdateKeys.knownret
	SECTION: $00cf-$00e7 ($0019 bytes) ["DMA routine"]
	         $00cf = CopyDmaRoutineToHRam
	         $00d6 = CopyDmaRoutineToHRam.copy
	         $00dd = DmaRoutine
	         $00e4 = DmaRoutine.loop
	         $00e8 = DmaRoutineEnd
	EMPTY: $00e8-$00ff ($0018 bytes)
	SECTION: $0100-$0666 ($0567 bytes) ["Header"]
	         $0150 = EntryPoint
	         $0153 = PreMain
	         $015a = Main
	         $01b0 = Main.skip_shadow_map_update
	         $01bc = TileMap_Update
	         $01e9 = WriteColumnIntoTileMap
	         $0211 = WriteColumnIntoTileMap.fill_column_loop
	         $0220 = GetTileID
	         $0223 = WriteTileToVRAM
	         $0245 = AddWord
	         $0254 = UpdateWorldPosition
	         $0279 = UpdateWorldPosition.tmp_jmp_01
	         $027b = UpdateWorldPosition.load_01_done
	         $0280 = UpdateWorldPosition.skip_x_add
	         $02a4 = UpdateWorldPosition.tmp_jmp_02
	         $02a6 = UpdateWorldPosition.load_02_done
	         $02aa = UpdateShadowOAMFromWorldPosition
	         $02ee = UpdateOAM
	         $0305 = UpdateInput
	         $0319 = UpdateVerticalAcceleration
	         $0331 = UpdateHorizontalAcceleration
	         $0345 = UpdateHorizontalAcceleration.CheckRight
	         $0357 = UpdateHorizontalAcceleration.ApplyFriction
	         $036a = UpdateHorizontalAcceleration.ApplyNegativeFriction
	         $0370 = UpdateHorizontalAcceleration.CheckForOvershoot
	         $037b = IsWallTile
	         $037e = CheckWallCollisions_Updated
	         $039e = CheckWallCollisions_Updated.CheckGoingLeft
	         $03a5 = CheckWallCollisions_Updated.CheckNextTileToTheLeft
	         $03be = CheckWallCollisions_Updated.ClampLeftAndDone
	         $03d6 = CheckWallCollisions_Updated.CheckGoingRight
	         $03dd = CheckWallCollisions_Updated.CheckNextTileToTheRight
	         $03f4 = CheckWallCollisions_Updated.ClampRightAndDone
	         $0409 = CheckWallCollisions_Updated.DoneCheckingHorizontalDelta
	         $0425 = CheckWallCollisions_Updated.CheckGoingUp
	         $0428 = CheckWallCollisions_Updated.CheckNextTileAbove
	         $0448 = CheckWallCollisions_Updated.ClampUpAndDone
	         $0460 = CheckWallCollisions_Updated.CheckGoingDown
	         $046f = CheckWallCollisions_Updated.CheckNextTileBelow
	         $048d = CheckWallCollisions_Updated.ClampDownAndDone
	         $049e = CheckWallCollisions_Updated.DoneCheckingVerticalDelta
	         $049f = CheckWallCollisions
	         $04bf = CheckWallCollisions.SkipWallCheckOnBottom
	         $04d1 = CheckWallCollisions.CheckHorizontal
	         $04e4 = CheckWallCollisions.SkipWallCheckOnRight
	         $04f4 = IntegrateAcceleration
	         $04fd = IntegrateAcceleration.ContinueWithNonZeroSpeed
	         $050e = IntegrateAcceleration.SubPixelLoopLeft
	         $0517 = IntegrateAcceleration.SubPixelLoopRight
	         $0518 = IntegrateAcceleration.SubPixelLoopRight2
	         $0521 = IntegrateAcceleration.MoveNext
	         $0529 = IntegrateAcceleration.CalculatePositionDelta
	         $052a = IntegrateAcceleration.CalculatePositionDeltaLoop
	         $0530 = CopyTileDataIntoVRAM
	         $053d = CopySpriteDataIntoVRAM
	         $054a = ClearOAM
	         $0554 = InitTracerSprite
	         $056d = CopyInitialShadowMapToTileMap
	         $057a = SetupTileMap
	         $0580 = SetupTileMap.ClearLoop
	         $058d = SetupTileMap.TopLoop
	         $059b = SetupTileMap.BottomLoop
	         $05ac = SetupTileMap.LeftLoop
	         $05bb = SetupTileMap.RightLoop
	         $05c9 = SetupTileMap.MiddlePlatformLoop
	         $05d0 = WaitForVBlank
	         $05d8 = ShutdownAudio
	         $05dd = TurnOnLCD
	         $05ed = TurnOffLCD
	         $05f2 = InitGlobals
	         $0642 = Init
	SECTION: $0667-$08de ($0278 bytes) ["CameraCode"]
	         $0667 = Camera_Init_Position
	         $066e = Camera_Init_Position.x_non_negative
	         $0675 = Camera_Init_Position.y_non_negative
	         $0695 = UpdateCamTilePos
	         $06b3 = UpdateCamTilePos.x_is_dirty
	         $06c0 = UpdateCamTilePos.check_y
	         $06da = UpdateCamTilePos.y_is_dirty
	         $06e7 = UpdateCamTilePos.done
	         $06e8 = Camera_Init_Deadzone
	         $0733 = Camera_Update
	         $0776 = Camera_Update.leftPositive_u1
	         $077c = Camera_Update.sameSign_u1
	         $0782 = Camera_Update.done_u1
	         $0788 = Camera_Update.AdjustToFrameLeft
	         $0799 = Camera_Update.signExtendLeft
	         $07a3 = Camera_Update.tmp_jmp_01
	         $07b3 = Camera_Update.FrameLeftOK
	         $07dd = Camera_Update.leftPositive_u2
	         $07e3 = Camera_Update.sameSign_u2
	         $07e9 = Camera_Update.done_u2
	         $07ed = Camera_Update.AdjustToFrameRight
	         $0804 = Camera_Update.tmp_jmp_02
	         $0810 = Camera_Update.AdjustVerticalPosition
	         $0810 = Camera_Update.FrameRightOK
	         $0831 = Camera_Update.leftPositive_u3
	         $0837 = Camera_Update.sameSign_u3
	         $083d = Camera_Update.done_u3
	         $0843 = Camera_Update.AdjustToFrameTop
	         $0854 = Camera_Update.signExtendTop
	         $0860 = Camera_Update.tmp_jmp_03
	         $0871 = Camera_Update.FrameTopOK
	         $089b = Camera_Update.leftPositive_u4
	         $08a1 = Camera_Update.sameSign_u4
	         $08a7 = Camera_Update.done_u4
	         $08ab = Camera_Update.AdjustToFrameBottom
	         $08c1 = Camera_Update.tmp_jmp_04
	         $08cf = Camera_Update.VerticalDone
	SECTION: $08df-$0a23 ($0145 bytes) ["WorldCode"]
	         $08df = GetShadowMapTileFromWorldPosition
	         $0956 = UpdateShadowMap
	         $0964 = UpdateShadowMap.not_moved_right
	         $096d = UpdateShadowMap.x_delta_is_set
	         $0982 = UpdateShadowMap.skip_sign_extend_hl
	         $09aa = UpdateShadowMap.column_copy_loop
	         $09c1 = UpdateShadowMap.skip_offset_carry
	         $09cb = UpdateShadowMap.not_moved_along_x
	         $09cc = CopyColumnToTileMap
	         $09d8 = CopyColumnToTileMap.next_row
	         $09e1 = CopyColumnToTileMap.skip_src_carry
	         $09e8 = CopyColumnToTileMap.skip_dst_carry
	         $09ec = InitShadowMap
	         $09f4 = InitShadowMap.next_tile
	         $0a0f = InitShadowMap.next_foo
	         $0a1f = InitShadowMap.next_bar
	EMPTY: $0a24-$3fff ($35dc bytes)
	TOTAL EMPTY: $35f4 bytes

WRAM0 bank #0:
	SECTION: $c000-$c01b ($001c bytes) ["CameraVariables"]
	         $c000 = wCamPosX
	         $c002 = wCamPosY
	         $c004 = wCamPosXPrev
	         $c006 = wCamPosYPrev
	         $c008 = wDesiredPosX
	         $c00a = wDesiredPosY
	         $c00c = wCamTilePosX
	         $c00e = wCamTilePosY
	         $c010 = wCamTileDirty
	         $c011 = wCamMoveDelta
	         $c012 = wCurrentHScroll
	         $c013 = wCurrentVScroll
	         $c014 = wFrameLeftDelta
	         $c015 = wFrameRightDelta
	         $c016 = wDeadZoneWidth
	         $c018 = wFrameTopDelta
	         $c019 = wFrameBottomDelta
	         $c01a = wDeadZoneHeight
	SECTION: $c01c-$c027 ($000c bytes) ["Globals"]
	         $c01c = wSpeedPerFrameX
	         $c01d = wSpeedPerFrameY
	         $c01e = wCurrentSubPixelX
	         $c01f = wCurrentSubPixelY
	         $c020 = wWorldPosX
	         $c022 = wWorldPosY
	         $c024 = wAcceleration
	         $c025 = wJumpStrength
	         $c026 = wFriction
	         $c027 = wGravity
	SECTION: $c028-$c029 ($0002 bytes) ["Input variables"]
	         $c028 = wCurKeys
	         $c029 = wNewKeys
	EMPTY: $c02a-$c0ff ($00d6 bytes)
	SECTION: $c100-$c19f ($00a0 bytes) ["Shadow OAM"]
	         $c100 = wShadowOAM
	SECTION: $c1a0-$c59f ($0400 bytes) ["ShadowMapBuffer"]
	         $c1a0 = wShadowMapBuffer
	EMPTY: $c5a0-$cfff ($0a60 bytes)
	TOTAL EMPTY: $0b36 bytes

HRAM bank #0:
	SECTION: $ff80-$ff91 ($0012 bytes) ["Foo"]
	         $ff80 = wCurrentAccX
	         $ff81 = wCurrentAccY
	         $ff82 = wCurrentPosDeltaX
	         $ff83 = wCurrentPosDeltaY
	         $ff84 = wA
	         $ff85 = wB
	         $ff86 = wC
	         $ff87 = wD
	         $ff88 = wE
	         $ff89 = wH
	         $ff8a = wL
	         $ff8b = wColumnToLoad
	         $ff8c = wCurrentPixelOffset
	         $ff8d = wTotalPixels
	         $ff8e = wTilesMoved
	         $ff8f = wTilePosX
	         $ff90 = wTilePosY
	         $ff91 = wTileData
	SECTION: $ff92-$ff9c ($000b bytes) ["OAM DMA"]
	         $ff92 = hOAMDMA
	EMPTY: $ff9d-$fffe ($0062 bytes)
	TOTAL EMPTY: $0062 bytes
