SUMMARY:
	ROM0: 2534 bytes used / 13850 free
	WRAM0: 1226 bytes used / 2870 free
	HRAM: 29 bytes used / 98 free

ROM0 bank #0:
	SECTION: $0000-$005f ($0060 bytes) ["Tile data"]
	         $0000 = Tiles
	         $0040 = Tiles.End
	         $0040 = TracerSpriteTiles
	         $0060 = TracerSpriteTiles.End
	SECTION: $0060-$00a6 ($0047 bytes) ["Utilities"]
	         $0060 = MemCopy
	         $0069 = MemClear
	         $0071 = StoreWord
	         $0075 = LoadWord
	         $0079 = CapAbsoluteValue
	         $0088 = CapAbsoluteValue.CapToPositive
	         $008d = GetTileByWorldPosition
	         $008e = GetTileByPixel
	SECTION: $00a7-$00ce ($0028 bytes) ["Input"]
	         $00a7 = UpdateKeys
	         $00c1 = UpdateKeys.oneNibble
	         $00ce = UpdateKeys.knownret
	SECTION: $00cf-$00e7 ($0019 bytes) ["DMA routine"]
	         $00cf = CopyDmaRoutineToHRam
	         $00d6 = CopyDmaRoutineToHRam.copy
	         $00dd = DmaRoutine
	         $00e4 = DmaRoutine.loop
	         $00e8 = DmaRoutineEnd
	EMPTY: $00e8-$00ff ($0018 bytes)
	SECTION: $0100-$0640 ($0541 bytes) ["Header"]
	         $0150 = EntryPoint
	         $0153 = PreMain
	         $015a = Main
	         $01b0 = Main.skip_shadow_map_update
	         $01bc = TileMap_Update
	         $01e9 = WriteColumnIntoTileMap
	         $0211 = WriteColumnIntoTileMap.fill_column_loop
	         $0220 = GetTileID
	         $0223 = WriteTileToVRAM
	         $0245 = AddWord
	         $0254 = UpdateWorldPosition
	         $0279 = UpdateWorldPosition.tmp_jmp_01
	         $027b = UpdateWorldPosition.load_01_done
	         $0280 = UpdateWorldPosition.skip_x_add
	         $02a4 = UpdateWorldPosition.tmp_jmp_02
	         $02a6 = UpdateWorldPosition.load_02_done
	         $02aa = UpdateShadowOAMFromWorldPosition
	         $02ee = UpdateOAM
	         $0305 = UpdateInput
	         $0319 = UpdateVerticalAcceleration
	         $0330 = UpdateHorizontalAcceleration
	         $0344 = UpdateHorizontalAcceleration.CheckRight
	         $0356 = UpdateHorizontalAcceleration.ApplyFriction
	         $0369 = UpdateHorizontalAcceleration.ApplyNegativeFriction
	         $036f = UpdateHorizontalAcceleration.CheckForOvershoot
	         $037a = IsWallTile
	         $037d = CheckWallCollisions_Updated
	         $039b = CheckWallCollisions_Updated.CheckGoingLeft
	         $03a2 = CheckWallCollisions_Updated.CheckNextTileToTheLeft
	         $03bb = CheckWallCollisions_Updated.ClampLeftAndDone
	         $03d3 = CheckWallCollisions_Updated.CheckGoingRight
	         $03da = CheckWallCollisions_Updated.CheckNextTileToTheRight
	         $03f0 = CheckWallCollisions_Updated.ClampRightAndDone
	         $0403 = CheckWallCollisions_Updated.DoneCheckingHorizontalDelta
	         $043f = CheckWallCollisions_Updated.VerticalCheck01
	         $044b = CheckWallCollisions_Updated.Floop
	         $0462 = CheckWallCollisions_Updated.ClampDownAndDone
	         $0473 = CheckWallCollisions_Updated.FullyConsumedE
	         $0478 = CheckWallCollisions_Updated.CheckGoingUp
	         $0478 = CheckWallCollisions_Updated.DoneCheckingVerticalDelta
	         $0479 = CheckWallCollisions
	         $0499 = CheckWallCollisions.SkipWallCheckOnBottom
	         $04ab = CheckWallCollisions.CheckHorizontal
	         $04be = CheckWallCollisions.SkipWallCheckOnRight
	         $04ce = IntegrateAcceleration
	         $04d7 = IntegrateAcceleration.ContinueWithNonZeroSpeed
	         $04e8 = IntegrateAcceleration.SubPixelLoopLeft
	         $04f1 = IntegrateAcceleration.SubPixelLoopRight
	         $04f2 = IntegrateAcceleration.SubPixelLoopRight2
	         $04fb = IntegrateAcceleration.MoveNext
	         $0503 = IntegrateAcceleration.CalculatePositionDelta
	         $0504 = IntegrateAcceleration.CalculatePositionDeltaLoop
	         $050a = CopyTileDataIntoVRAM
	         $0517 = CopySpriteDataIntoVRAM
	         $0524 = ClearOAM
	         $052e = InitTracerSprite
	         $0547 = CopyInitialShadowMapToTileMap
	         $0554 = SetupTileMap
	         $055a = SetupTileMap.ClearLoop
	         $0567 = SetupTileMap.TopLoop
	         $0575 = SetupTileMap.BottomLoop
	         $0586 = SetupTileMap.LeftLoop
	         $0595 = SetupTileMap.RightLoop
	         $05a3 = SetupTileMap.MiddlePlatformLoop
	         $05aa = WaitForVBlank
	         $05b2 = ShutdownAudio
	         $05b7 = TurnOnLCD
	         $05c7 = TurnOffLCD
	         $05cc = InitGlobals
	         $061c = Init
	SECTION: $0641-$08b8 ($0278 bytes) ["CameraCode"]
	         $0641 = Camera_Init_Position
	         $0648 = Camera_Init_Position.x_non_negative
	         $064f = Camera_Init_Position.y_non_negative
	         $066f = UpdateCamTilePos
	         $068d = UpdateCamTilePos.x_is_dirty
	         $069a = UpdateCamTilePos.check_y
	         $06b4 = UpdateCamTilePos.y_is_dirty
	         $06c1 = UpdateCamTilePos.done
	         $06c2 = Camera_Init_Deadzone
	         $070d = Camera_Update
	         $0750 = Camera_Update.leftPositive_u1
	         $0756 = Camera_Update.sameSign_u1
	         $075c = Camera_Update.done_u1
	         $0762 = Camera_Update.AdjustToFrameLeft
	         $0773 = Camera_Update.signExtendLeft
	         $077d = Camera_Update.tmp_jmp_01
	         $078d = Camera_Update.FrameLeftOK
	         $07b7 = Camera_Update.leftPositive_u2
	         $07bd = Camera_Update.sameSign_u2
	         $07c3 = Camera_Update.done_u2
	         $07c7 = Camera_Update.AdjustToFrameRight
	         $07de = Camera_Update.tmp_jmp_02
	         $07ea = Camera_Update.AdjustVerticalPosition
	         $07ea = Camera_Update.FrameRightOK
	         $080b = Camera_Update.leftPositive_u3
	         $0811 = Camera_Update.sameSign_u3
	         $0817 = Camera_Update.done_u3
	         $081d = Camera_Update.AdjustToFrameTop
	         $082e = Camera_Update.signExtendTop
	         $083a = Camera_Update.tmp_jmp_03
	         $084b = Camera_Update.FrameTopOK
	         $0875 = Camera_Update.leftPositive_u4
	         $087b = Camera_Update.sameSign_u4
	         $0881 = Camera_Update.done_u4
	         $0885 = Camera_Update.AdjustToFrameBottom
	         $089b = Camera_Update.tmp_jmp_04
	         $08a9 = Camera_Update.VerticalDone
	SECTION: $08b9-$09fd ($0145 bytes) ["WorldCode"]
	         $08b9 = GetShadowMapTileFromWorldPosition
	         $0930 = UpdateShadowMap
	         $093e = UpdateShadowMap.not_moved_right
	         $0947 = UpdateShadowMap.x_delta_is_set
	         $095c = UpdateShadowMap.skip_sign_extend_hl
	         $0984 = UpdateShadowMap.column_copy_loop
	         $099b = UpdateShadowMap.skip_offset_carry
	         $09a5 = UpdateShadowMap.not_moved_along_x
	         $09a6 = CopyColumnToTileMap
	         $09b2 = CopyColumnToTileMap.next_row
	         $09bb = CopyColumnToTileMap.skip_src_carry
	         $09c2 = CopyColumnToTileMap.skip_dst_carry
	         $09c6 = InitShadowMap
	         $09ce = InitShadowMap.next_tile
	         $09e9 = InitShadowMap.next_foo
	         $09f9 = InitShadowMap.next_bar
	EMPTY: $09fe-$3fff ($3602 bytes)
	TOTAL EMPTY: $361a bytes

WRAM0 bank #0:
	SECTION: $c000-$c01b ($001c bytes) ["CameraVariables"]
	         $c000 = wCamPosX
	         $c002 = wCamPosY
	         $c004 = wCamPosXPrev
	         $c006 = wCamPosYPrev
	         $c008 = wDesiredPosX
	         $c00a = wDesiredPosY
	         $c00c = wCamTilePosX
	         $c00e = wCamTilePosY
	         $c010 = wCamTileDirty
	         $c011 = wCamMoveDelta
	         $c012 = wCurrentHScroll
	         $c013 = wCurrentVScroll
	         $c014 = wFrameLeftDelta
	         $c015 = wFrameRightDelta
	         $c016 = wDeadZoneWidth
	         $c018 = wFrameTopDelta
	         $c019 = wFrameBottomDelta
	         $c01a = wDeadZoneHeight
	SECTION: $c01c-$c027 ($000c bytes) ["Globals"]
	         $c01c = wSpeedPerFrameX
	         $c01d = wSpeedPerFrameY
	         $c01e = wCurrentSubPixelX
	         $c01f = wCurrentSubPixelY
	         $c020 = wWorldPosX
	         $c022 = wWorldPosY
	         $c024 = wAcceleration
	         $c025 = wJumpStrength
	         $c026 = wFriction
	         $c027 = wGravity
	SECTION: $c028-$c029 ($0002 bytes) ["Input variables"]
	         $c028 = wCurKeys
	         $c029 = wNewKeys
	EMPTY: $c02a-$c0ff ($00d6 bytes)
	SECTION: $c100-$c19f ($00a0 bytes) ["Shadow OAM"]
	         $c100 = wShadowOAM
	SECTION: $c1a0-$c59f ($0400 bytes) ["ShadowMapBuffer"]
	         $c1a0 = wShadowMapBuffer
	EMPTY: $c5a0-$cfff ($0a60 bytes)
	TOTAL EMPTY: $0b36 bytes

HRAM bank #0:
	SECTION: $ff80-$ff91 ($0012 bytes) ["Foo"]
	         $ff80 = wCurrentAccX
	         $ff81 = wCurrentAccY
	         $ff82 = wCurrentPosDeltaX
	         $ff83 = wCurrentPosDeltaY
	         $ff84 = wA
	         $ff85 = wB
	         $ff86 = wC
	         $ff87 = wD
	         $ff88 = wE
	         $ff89 = wH
	         $ff8a = wL
	         $ff8b = wColumnToLoad
	         $ff8c = wCurrentPixelOffset
	         $ff8d = wTotalPixels
	         $ff8e = wTilesMoved
	         $ff8f = wTilePosX
	         $ff90 = wTilePosY
	         $ff91 = wTileData
	SECTION: $ff92-$ff9c ($000b bytes) ["OAM DMA"]
	         $ff92 = hOAMDMA
	EMPTY: $ff9d-$fffe ($0062 bytes)
	TOTAL EMPTY: $0062 bytes
